Testing AI with Medical Case...
AI Error Details: {
  "name": "AI_APICallError",
  "url": "https://generativelanguage.googleapis.com/v1beta/models/gemini-1.5-flash-8b:generateContent",
  "requestBodyValues": {
    "generationConfig": {},
    "contents": [
      {
        "role": "user",
        "parts": [
          {
            "text": "\n    Patient: 45-year-old male\n    Symptoms: Persistent substernal chest pain radiating to left jaw, started 30 mins ago.\n    History: Hypertension, Smoker (20 pack-years).\n    Vitals: BP 150/95, HR 92, SpO2 96% on room air.\n    ECG: ST-segment elevation in leads II, III, and aVF.\n    \n    Task: Provide a clinical diagnosis, immediate management steps, and citation for the standard of care.\n  "
          }
        ]
      }
    ],
    "systemInstruction": {
      "parts": [
        {
          "text": "You are an elite clinical medical AI. Provide evidence-based responses only."
        }
      ]
    }
  },
  "statusCode": 404,
  "responseHeaders": {
    "alt-svc": "h3=\":443\"; ma=2592000,h3-29=\":443\"; ma=2592000",
    "content-encoding": "gzip",
    "content-type": "application/json; charset=UTF-8",
    "date": "Wed, 15 Apr 2026 23:44:28 GMT",
    "server": "scaffolding on HTTPServer2",
    "server-timing": "gfet4t7; dur=730",
    "transfer-encoding": "chunked",
    "vary": "Origin, X-Origin, Referer",
    "x-content-type-options": "nosniff",
    "x-frame-options": "SAMEORIGIN",
    "x-xss-protection": "0"
  },
  "responseBody": "{\n  \"error\": {\n    \"code\": 404,\n    \"message\": \"models/gemini-1.5-flash-8b is not found for API version v1beta, or is not supported for generateContent. Call ListModels to see the list of available models and their supported methods.\",\n    \"status\": \"NOT_FOUND\"\n  }\n}\n",
  "isRetryable": false,
  "data": {
    "error": {
      "code": 404,
      "message": "models/gemini-1.5-flash-8b is not found for API version v1beta, or is not supported for generateContent. Call ListModels to see the list of available models and their supported methods.",
      "status": "NOT_FOUND"
    }
  }
}
